<!DOCTYPE html>
<html lang="en">
<head>
    <meta charset="UTF-8">
    <meta name="viewport" content="width=device-width, initial-scale=1.0">
    <title>Document</title>
</head>
<body>
    <header>
        <a href="#">
            <img src="./img/Logo.png" alt="logo">
        </a>

        <!-- nav>a*5 -->
        <nav> 
            <a href="">Home</a>
            <a href="">Services</a>
            <a href="">Portfolio</a>
            <a href="">About</a>
            <a href="">About</a>
        </nav>

    </header>

    <main>
        <section>
            <h2>Services</h2>
            <ul>
                <li>
                    <img src="img/Group 3.png" alt="">
                    <h3>E-Commerce</h3>
                    <p>Proin iaculis purus consequat sem cure  digni ssim. Donec porttitora entum suscipit  aenean rhoncus posuere odio in tincidunt.</p>
                </li>
                <li>
                    <img src="img/Group 1.png" alt="">
                    <h3>Responsive Web</h3>
                    <p>Proin iaculis purus consequat sem cure  digni ssim. Donec porttitora entum suscipit  aenean rhoncus posuere odio in tincidunt.</p>
                </li>
                <li>
                    <img src="img/Group 2.png" alt="">
                    <h3>Web Security</h3>
                    <p>Proin iaculis purus consequat sem cure  digni ssim. Donec porttitora entum suscipit  aenean rhoncus posuere odio in tincidunt.</p>
                </li>
            </ul>
        </section>
        <section>
            <h2>Contact us</h2>

            <form action="">
                <div>
                    <label for="">name</label><br>
                    <input type="text" id="firstname" required placeholder="your name*">
                    <br><br>
                    <label for="">email</label><br>
                    <input type="email" id="email" required placeholder="your e-mail*">
                    <br><br>
                    <label for="text">subject</label><br>
                    <input type="text" id="" placeholder="subject">
                    <br><br>
                </div>
                <div>
                    <label for="comment">comment</label><br>
                    <textarea name="comment" id="comment" required placeholder="your message*"></textarea>
                </div>
                <button type="submit">Send Message</button>
            </form>
        </section>
    </main>
</body>
</html>